app/days/kiss/page.tsx(70,30): error TS2322: Type '"heart"' is not assignable to type 'Shape'.
app/games/chocolate-mood/page.tsx(62,52): error TS2304: Cannot find name 'returnTo'.
app/games/couple-chaos/page.tsx(43,52): error TS2304: Cannot find name 'returnTo'.
app/games/dress-teddy/page.tsx(29,52): error TS2304: Cannot find name 'returnTo'.
app/games/fake-proposal/page.tsx(61,52): error TS2304: Cannot find name 'returnTo'.
app/games/hug-sim/page.tsx(48,52): error TS2304: Cannot find name 'returnTo'.
app/games/meme-builder/page.tsx(26,52): error TS2304: Cannot find name 'returnTo'.
app/games/promise-dare/page.tsx(33,52): error TS2304: Cannot find name 'returnTo'.
app/games/promise-silly/page.tsx(51,52): error TS2304: Cannot find name 'returnTo'.
app/games/rose-toss/page.tsx(33,24): error TS2554: Expected 1 arguments, but got 0.
app/games/who-proposed/page.tsx(32,52): error TS2304: Cannot find name 'returnTo'.
